[7, 8, 3, 8, 6, 6, 8, 6, 1, 6, 12, 3, 3, 8, 3, 9, 12, 10, 5, 9, 3, 4, 4, 3, 2, 4, 5, 7, 10, 6, 2, 4, 1, 6, 7, 11, 7, 11, 5, 2, 12, 10, 8, 1, 6, 7, 2, 9, 1, 4, 2, 4, 1, 1, 11, 11, 7, 9, 7, 6, 12, 12, 4, 5, 5, 12, 12, 11, 2, 10, 11, 6, 10, 2, 9, 1, 11, 2, 11, 3, 12, 7, 5, 3, 5, 5, 9, 12, 9, 9, 7, 4, 10, 10, 8, 8, 2, 10, 1, 4]
