[11, 2, 3, 2, 10, 10, 2, 10, 1, 10, 7, 6, 3, 2, 3, 8, 1, 4, 8, 2, 3, 12, 9, 3, 5, 1, 12, 12, 4, 10, 6, 9, 11, 10, 3, 7, 10, 6, 8, 4, 6, 4, 2, 11, 10, 11, 5, 9, 11, 6, 5, 12, 7, 12, 9, 9, 12, 7, 11, 8, 6, 6, 4, 1, 8, 12, 6, 12, 5, 4, 1, 8, 4, 5, 7, 1, 8, 5, 1, 3, 12, 9, 4, 3, 7, 1, 2, 6, 5, 7, 7, 9, 9, 11, 2, 2, 5, 4, 11, 7]
