[2, 1, 4, 2, 8, 8, 8, 5, 4, 5, 7, 4, 7, 4, 6, 6, 5, 3, 4, 7, 6, 8, 4, 4, 3, 8, 1, 3, 3, 5, 6, 6, 3, 4, 6, 1, 7, 2, 1, 5, 4, 6, 7, 1, 7, 6, 7, 1, 7, 5, 3, 8, 1, 3, 8, 6, 8, 3, 2, 5, 5, 2, 6, 4, 1, 6, 7, 2, 1, 8, 6, 2, 2, 2, 3, 7, 4, 7, 3, 3, 1, 5, 2, 7, 5, 1, 7, 3, 4, 5, 8, 2, 6, 2, 8, 7, 4, 2, 3, 1]
