[12, 9, 9, 8, 4, 4, 3, 8, 7, 4, 7, 6, 1, 8, 10, 9, 7, 10, 5, 4, 2, 8, 9, 6, 6, 8, 1, 1, 12, 3, 12, 2, 5, 10, 6, 6, 10, 11, 6, 1, 6, 11, 11, 5, 7, 12, 2, 1, 10, 9, 9, 12, 3, 9, 3, 6, 11, 7, 2, 12, 4, 2, 9, 12, 11, 3, 3, 3, 11, 10, 9, 5, 7, 2, 2, 2, 5, 10, 4, 10, 11, 5, 8, 4, 5, 7, 8, 3, 1, 5, 1, 8, 11, 1, 1, 7, 4, 2, 7, 6]
