[4, 4, 5, 12, 12, 2, 10, 11, 10, 12, 10, 12, 8, 5, 2, 11, 6, 6, 9, 10, 3, 12, 5, 5, 10, 5, 1, 1, 12, 4, 9, 5, 8, 9, 10, 1, 7, 4, 3, 11, 7, 11, 5, 12, 3, 3, 4, 1, 12, 2, 9, 5, 1, 10, 9, 4, 7, 8, 9, 8, 7, 7, 3, 3, 6, 12, 11, 11, 7, 4, 5, 6, 6, 2, 12, 6, 6, 1, 2, 4, 3, 9, 5, 2, 2, 8, 6, 4, 1, 10, 12, 8, 7, 4, 11, 6, 11, 1, 10, 5, 2, 5, 1, 12, 8, 6, 10, 3, 2, 4, 8, 7, 9, 6, 12, 11, 4, 8, 2, 8, 10, 3, 2, 4, 9, 12, 12, 10, 7, 7, 12, 8, 11, 5, 2, 4, 6, 3, 12, 9, 10, 8, 5, 2, 8, 4, 11, 1, 8, 8, 11, 8, 12, 9, 6, 6, 12, 7, 2, 5, 12, 5, 2, 3, 6, 2, 3, 9, 8, 9, 1, 3, 7, 7, 8, 7, 1, 9, 3, 8, 3, 5, 12, 4, 10, 10, 1, 11, 6, 8, 1, 7, 10, 2, 7, 4, 11, 7, 2, 9, 6, 1, 11, 4, 2, 4, 6, 5, 7, 4, 8, 11, 2, 5, 2, 1, 11, 1, 3, 3, 1, 5, 11, 2, 4, 5, 10, 11, 8, 10, 4, 9, 3, 3, 8, 2, 7, 1, 1, 9, 3, 5, 3, 5, 11, 5, 8, 11, 12, 1, 4, 10, 6, 10, 7, 2, 8, 6, 9, 6, 3, 7, 6, 8, 5, 5, 7, 7, 4, 9, 12, 5, 11, 12, 1, 10, 5, 9, 3, 11, 10, 11, 3, 1, 1, 4, 9, 10, 12, 6, 11, 11, 5, 2, 3, 6, 6, 9, 7, 3]
