[6, 10, 7, 1, 4, 5, 3, 8, 2, 9, 9, 6, 10, 7, 1, 7, 5, 4, 8, 2, 3, 9, 6, 3, 10, 1, 7, 5, 4, 8, 2, 8, 9, 6, 3, 10, 1, 1, 7, 5, 4, 2, 8, 2, 9, 6, 10, 10, 1, 7, 3, 4, 5, 8, 5, 9, 2, 6, 10, 1, 7, 3, 4, 4, 8, 5, 9, 2, 6, 10, 1, 7, 3, 6, 4, 8, 5, 9, 2, 2, 10, 1, 7, 3, 6, 4, 8, 3, 9, 5, 5, 2, 10, 1, 7, 6, 4, 8, 3, 9]
