[8, 3, 4, 10, 7, 6, 5, 2, 9, 9, 1, 8, 3, 4, 10, 7, 6, 5, 2, 2, 9, 1, 8, 3, 4, 10, 7, 7, 4, 5, 2, 6, 9, 1, 3, 3, 10, 10, 7, 8, 4, 5, 5, 2, 9, 6, 6, 1, 10, 7, 3, 8, 4, 8, 5, 9, 2, 6, 1, 1, 7, 3, 10, 4, 8, 5, 9, 2, 6, 10, 1, 7, 3, 6, 4, 8, 5, 9, 2, 2, 10, 1, 7, 3, 6, 1, 4, 5, 8, 9, 2, 10, 9, 7, 3, 6, 1, 4, 5, 8]
