[2, 7, 5, 1, 10, 9, 6, 4, 8, 6, 3, 2, 7, 5, 1, 10, 9, 9, 4, 4, 8, 6, 3, 2, 7, 5, 1, 3, 10, 9, 4, 10, 6, 8, 2, 2, 7, 1, 3, 5, 1, 9, 4, 10, 8, 6, 2, 8, 7, 3, 5, 1, 5, 9, 10, 4, 6, 2, 8, 7, 8, 3, 3, 1, 5, 10, 9, 6, 4, 2, 7, 4, 7, 8, 1, 3, 5, 9, 10, 6, 6, 2, 4, 7, 8, 1, 3, 5, 9, 9, 10, 10, 6, 4, 7, 8, 1, 2, 5, 3]
