[9, 5, 2, 3, 6, 8, 4, 7, 4, 1, 1, 9, 5, 2, 3, 6, 6, 8, 7, 4, 7, 1, 9, 5, 9, 3, 3, 2, 8, 6, 4, 7, 1, 1, 5, 9, 9, 3, 2, 8, 6, 6, 7, 4, 1, 5, 5, 9, 3, 2, 8, 2, 6, 7, 4, 4, 1, 5, 5, 3, 9, 8, 8, 6, 2, 7, 7, 4, 1, 1, 5, 3, 9, 8, 6, 2, 2, 7, 4, 7, 1, 5, 3, 5, 9, 6, 8, 8, 2, 4, 4, 1, 7, 3, 3, 9, 6, 5, 8, 2]
