[10, 2, 3, 6, 7, 9, 8, 4, 4, 1, 5, 1, 10, 2, 3, 7, 3, 8, 6, 9, 4, 5, 1, 10, 10, 2, 7, 3, 8, 8, 6, 4, 5, 9, 1, 5, 2, 2, 3, 1, 8, 6, 7, 7, 10, 4, 9, 5, 2, 3, 1, 5, 6, 8, 8, 2, 4, 9, 7, 10, 3, 1, 5, 6, 3, 6, 8, 4, 2, 7, 10, 9, 1, 5, 10, 3, 6, 8, 4, 2, 7, 7, 9, 9, 5, 4, 10, 6, 8, 3, 1, 1, 2, 7, 9, 5, 9, 10, 4, 6]
